
=== ПРОГОН 2026-09-08T19:21:47+03:00 · аргументы: --sweep --from 3067 --to 2377 --dashboard --log reburn-42
ЖУРНАЛ ПРОГОНА: D:\work\ai_sandbox\KAGO\runs\logs\reburn-42\2026-09-08T19-21-47+03-00.log — конвейер не нужен, код возврата дойдёт до вызывающего
ЗАВОДСКОЕ СОСТОЯНИЕ КАРТЫ: подтверждено — ненулевых сдвигов 0 — кривая заводская · предел 300 Вт — заводской
КОНВЕРТ КАРТЫ: 3090 МГц — выше него ни одна поднятая точка кривой ничего не предлагает
               (R13, bugs/11). Частоту в прогоне держат ДВОЕ: ВЫПРЯМЛЕННАЯ КРИВАЯ снизу — всё, что
               торчало бы выше испытуемой частоты, придавлено на неё, — и ГРАНИЦА ЧАСТОТЫ сверху.
               ⚠️ ОДНОЙ КРИВОЙ НЕ ХВАТАЕТ: подъём делает её верх ПЛОСКИМ, и арбитраж буста сходит
               с плато на 2–3 ступени сетки — замерено 9 из 9 при безупречной записи (bugs/50,
               researches/11 §8). Граница — это -lgc ДИАПАЗОНОМ «пол лестницы … потолок»: карта
               свободна вниз. Прежний вывод «замка не ставить» был про ДРУГОЕ направление —
               поднять карту К потолку он не умеет, и это по-прежнему верно (researches/11 §1, §5).
               ЗАПИСЬ ИДЁТ ПРОТИВ ВЫДАННОЙ частоты, а не заказанной (GOAL.md, слово владельца).
ОКНО НАБЛЮДЕНИЯ: открыто, смотрящих 1 — условие прогона выполнено
ЗАПРЕТ ВЛАДЕЛЬЦА (bugs/77, bugs/79): снят — оба тикета закрыты
БЕЗОПАСНЫЙ РЕЖИМ ДИСКОВ: не взведён (это разрешённое состояние; взвести — safe-mode --on)
ПУЛЬС ПРОШЛОГО ПРОГОНА: убран в runs\telemetry\20260908-175308.jsonl — не затёрт
ТЕЛЕМЕТРИЯ: отдельный сэмплер pid 23216 пишет в runs\dashboard\telemetry.jsonl раз в секунду
🗣 ГОЛОС ДРАЙВЕРА: ярус 1 (граница ступени) РАБОТАЕТ; ярус 2 (реальное время) выключен — поднимается флагом --driver-voice-watch
⚡ АВАРИЙНАЯ ЗАЩИТА (САЗ): pid 29600, уставка 60 мс тишины · АВН: образы прожига · ВЗН: заводское напряжение; протокол в runs/death-watch/*-fuse.jsonl · ВТОРОЙ ВХОД (прогресс прожига) ВЗВЕДЁН: вход 2 взведён для «furnace»: M = 1177 мс (3 × 330.68 мс измеренного такта × 1.19: такт снят при 2820 МГц, полоса спускается до 2377 МГц); файл сердцебиения D:\work\ai_sandbox\KAGO\runs\death-watch\2026-09-08T16-21-50-991Z-burn-progress.txt · ТРЕТИЙ ВХОД (обвал мощности) ВЗВЕДЁН: доля 0.412 от бегущего пика, пик от 150 Вт, выдержка 500 мс (bugs/117)
ДАШБОРД: прибор пишется в runs\dashboard\live.json
  ЗАВИС: 3030 МГц / 900 мВ
  ПОЛ ЗАВИСАНИЯ: 2842 МГц уже вешала машину на 845 мВ — спуск туда больше не идёт, и это напряжение становится КРАЕМ частоты, а не пропущенной ступенью
  ПОЛ ЗАВИСАНИЯ: 2887 МГц уже вешала машину на 865 мВ — спуск туда больше не идёт, и это напряжение становится КРАЕМ частоты, а не пропущенной ступенью
  ПОЛ ЗАВИСАНИЯ: 2880 МГц уже вешала машину на 865 мВ — спуск туда больше не идёт, и это напряжение становится КРАЕМ частоты, а не пропущенной ступенью
  ПОЛ ЗАВИСАНИЯ: 2820 МГц уже вешала машину на 850 мВ — спуск туда больше не идёт, и это напряжение становится КРАЕМ частоты, а не пропущенной ступенью
  ПОЛ ЗАВИСАНИЯ: 2805 МГц уже вешала машину на 845 мВ — спуск туда больше не идёт, и это напряжение становится КРАЕМ частоты, а не пропущенной ступенью
  ПОЛ ЗАВИСАНИЯ: 2797 МГц уже вешала машину на 840 мВ — спуск туда больше не идёт, и это напряжение становится КРАЕМ частоты, а не пропущенной ступенью
  ПОЛ ЗАВИСАНИЯ: 2790 МГц уже вешала машину на 840 мВ — спуск туда больше не идёт, и это напряжение становится КРАЕМ частоты, а не пропущенной ступенью
  ПОЛ ЗАВИСАНИЯ: 2775 МГц уже вешала машину на 835 мВ — спуск туда больше не идёт, и это напряжение становится КРАЕМ частоты, а не пропущенной ступенью
  ПОЛ ЗАВИСАНИЯ: 2145 МГц уже вешала машину на 770 мВ — спуск туда больше не идёт, и это напряжение становится КРАЕМ частоты, а не пропущенной ступенью
  ПОЛ ЗАВИСАНИЯ: 2857 МГц уже вешала машину на 885 мВ — спуск туда больше не идёт, и это напряжение становится КРАЕМ частоты, а не пропущенной ступенью
  ПОЛ ЗАВИСАНИЯ: 2752 МГц уже вешала машину на 825 мВ — спуск туда больше не идёт, и это напряжение становится КРАЕМ частоты, а не пропущенной ступенью
  ПОЛ ЗАВИСАНИЯ: 2115 МГц уже вешала машину на 790 мВ — спуск туда больше не идёт, и это напряжение становится КРАЕМ частоты, а не пропущенной ступенью
  ПОЛ ЗАВИСАНИЯ: 2872 МГц уже вешала машину на 865 мВ — спуск туда больше не идёт, и это напряжение становится КРАЕМ частоты, а не пропущенной ступенью
  ПОЛ ЗАВИСАНИЯ: 2835 МГц уже вешала машину на 890 мВ — спуск туда больше не идёт, и это напряжение становится КРАЕМ частоты, а не пропущенной ступенью
  ПОЛ ЗАВИСАНИЯ: 2370 МГц уже вешала машину на 810 мВ — спуск туда больше не идёт, и это напряжение становится КРАЕМ частоты, а не пропущенной ступенью
  ПОЛ ЗАВИСАНИЯ: 2197 МГц уже вешала машину на 785 мВ — спуск туда больше не идёт, и это напряжение становится КРАЕМ частоты, а не пропущенной ступенью
  ПОЛ ЗАВИСАНИЯ: 3067 МГц уже вешала машину на 925 мВ — спуск туда больше не идёт, и это напряжение становится КРАЕМ частоты, а не пропущенной ступенью
  ПОЛ ЗАВИСАНИЯ: 3060 МГц уже вешала машину на 1015 мВ — спуск туда больше не идёт, и это напряжение становится КРАЕМ частоты, а не пропущенной ступенью
  ПОЛ ЗАВИСАНИЯ: 3052 МГц уже вешала машину на 1135 мВ — спуск туда больше не идёт, и это напряжение становится КРАЕМ частоты, а не пропущенной ступенью
  ПОЛ ЗАВИСАНИЯ: 3037 МГц уже вешала машину на 920 мВ — спуск туда больше не идёт, и это напряжение становится КРАЕМ частоты, а не пропущенной ступенью
  ПОЛ ЗАВИСАНИЯ: 3030 МГц уже вешала машину на 900 мВ — спуск туда больше не идёт, и это напряжение становится КРАЕМ частоты, а не пропущенной ступенью
  полоса 3067…2377 МГц: частот 93, прожигов 44
  3067 МГц ПРОПУЩЕНА: край уже зажат журналом — прошло 935 мВ, повесило 925 мВ, непроверенных ступеней между ними нет. Жечь нечего; строку закрывает `node tools/close-bracketed-edges.mjs --apply`
  3060 МГц ПРОПУЩЕНА: край уже зажат журналом — прошло 1020 мВ, повесило 1015 мВ, непроверенных ступеней между ними нет. Жечь нечего; строку закрывает `node tools/close-bracketed-edges.mjs --apply`
  3052 МГц ПРОПУЩЕНА (строка в документ не пишется), полоса продолжается: ЗАВИСАНИЕ НА 1135 мВ ЗАКРЫВАЕТ ПУТЬ ВНИЗ на 3052 МГц, а прошедшего напряжения выше него в этом прогоне НЕТ — уточнять не от чего, и отгрузку выдумывать нельзя. Это находка о кремнии, а не вердикт: край здесь мельче одной ступени политики от стока
  3037 МГц ПРОПУЩЕНА: край уже зажат журналом — прошло 925 мВ, повесило 920 мВ, непроверенных ступеней между ними нет. Жечь нечего; строку закрывает `node tools/close-bracketed-edges.mjs --apply`
  3030 МГц ← 1120 мВ · ЗАТРАВКА: прыжок 25 мВ на ДОКАЗАННУЮ землю (собственная улика этой частоты), а НЕ шаг в темноту (глубина ОТ СТОКА −25 мВ)
ДАТЧИК ЖИВОСТИ: pid 28156 → порт 53679, сигнал живости каждые 2 мс
  ПРОБЫ ПРОШЛОГО ТАКОГО ЖЕ ПРОЖИГА: убраны в D:\work\ai_sandbox\KAGO\runs\vmin\archive\cap-3030-45-2026-09-08T14-53-20-881Z.jsonl — не затёрты
  СРАБОТАЛА АВАРИЙНАЯ ЗАЩИТА (САЗ) на 3030 МГц / 1120 мВ (срабатываний за ступень: 1). МАШИНА ЖИВА — АВН снял нагрузку, ВЗН вернул карту на заводское напряжение. Для ЧАСТОТЫ это КРАЙ: лаг телеметрии есть отказ независимо от того, шёл ли в тот момент прожиг. Вердикт оракула этой ступени НЕ ОТНОСИТСЯ К ДЕЛУ — прожиг после спасения идёт по ЗАВОДСКОЙ кривой и ничего не доказывает
  СРАБОТАЛА АВАРИЙНАЯ ЗАЩИТА (САЗ) на 3030 МГц / 1120 мВ (срабатываний за ступень: 1). МАШИНА ЖИВА — АВН снял нагрузку, ВЗН вернул карту на заводское напряжение. Для ЧАСТОТЫ это КРАЙ: лаг телеметрии есть отказ независимо от того, шёл ли в тот момент прожиг. Вердикт оракула этой ступени НЕ ОТНОСИТСЯ К ДЕЛУ — прожиг после спасения идёт по ЗАВОДСКОЙ кривой и ничего не доказывает
  ЗАТРАВКА ОТВЕРГНУТА на 3030 МГц: 1120 мВ из СОБСТВЕННОЙ улики этой частоты (журнал упреждающей записи) дало ступень НЕ СУДИЛИ (исход «hung»): вердикта о напряжении не появилось, поэтому о монотонности этого кремния тут сказать НЕЧЕГО. Это находка о ПУТИ ЗАПИСИ, а не о карте. Спуск начинается заново от стока 1145 мВ по лестнице шагов владельца.
  ⏳ ЖДУ АПВ: аварийная защита спасает машину; следующая ступень не начнётся, пока защита не вернётся на пост
  ✅ АПВ УСПЕШНО: защита снова на посту (срабатываний за прогон: 1) — тюнинг продолжается
  3030 МГц ← 1120 мВ · ШАГ 25 мВ · шаг зоны 25 мВ (глубина ОТ СТОКА −25 мВ)
  ПРОБЫ ПРОШЛОГО ТАКОГО ЖЕ ПРОЖИГА: убраны в D:\work\ai_sandbox\KAGO\runs\vmin\archive\cap-3030-45-2026-09-08T16-22-03-811Z.jsonl — не затёрты
  СРАБОТАЛА АВАРИЙНАЯ ЗАЩИТА (САЗ) на 3030 МГц / 1120 мВ (срабатываний за ступень: 1). МАШИНА ЖИВА — АВН снял нагрузку, ВЗН вернул карту на заводское напряжение. Для ЧАСТОТЫ это КРАЙ: лаг телеметрии есть отказ независимо от того, шёл ли в тот момент прожиг. Вердикт оракула этой ступени НЕ ОТНОСИТСЯ К ДЕЛУ — прожиг после спасения идёт по ЗАВОДСКОЙ кривой и ничего не доказывает
  СРАБОТАЛА АВАРИЙНАЯ ЗАЩИТА (САЗ) на 3030 МГц / 1120 мВ (срабатываний за ступень: 1). МАШИНА ЖИВА — АВН снял нагрузку, ВЗН вернул карту на заводское напряжение. Для ЧАСТОТЫ это КРАЙ: лаг телеметрии есть отказ независимо от того, шёл ли в тот момент прожиг. Вердикт оракула этой ступени НЕ ОТНОСИТСЯ К ДЕЛУ — прожиг после спасения идёт по ЗАВОДСКОЙ кривой и ничего не доказывает
  СРАБОТАЛА ЗАЩИТА НА ПЕРВОМ ЖЕ ШАГЕ ОТ СТОКА на 3030 МГц: прошедших прожиг ступеней выше нет, и по слову владельца это значит, что СТОК УЖЕ БЛИЗКО К КРАЮ — частоту надо переискать шагом 5 мВ. Сейчас это НЕ делается по одной причине: ветка поиска минимальным шагом ещё НЕ ПОСТРОЕНА (защита срабатывание переживает — АПВ работает с 31.08, прежний запрет снят). Частота ПРОПУСКАЕТСЯ, строка в документ НЕ пишется — выдуманного напряжения здесь не будет
  ⚡ СПАСЕНИЕ на 3030 МГц: аварийная защита сняла нагрузку и вернула заводское напряжение, АПВ прошло — частота закрыта краем, ПОЛОСА ПРОДОЛЖАЕТСЯ. Частот, закрытых спасением за этот прогон: 1. Остановки по числу спасений НЕТ: владелец разрешил их сколько угодно (interviews/024 = E)
  3030 МГц ПРОПУЩЕНА (строка в документ не пишется), полоса продолжается: СРАБОТАЛА ЗАЩИТА НА ПЕРВОМ ЖЕ ШАГЕ ОТ СТОКА на 3030 МГц: прошедших прожиг ступеней выше нет, и по слову владельца это значит, что СТОК УЖЕ БЛИЗКО К КРАЮ — частоту надо переискать шагом 5 мВ. Сейчас это НЕ делается по одной причине: ветка поиска минимальным шагом ещё НЕ ПОСТРОЕНА (защита срабатывание переживает — АПВ работает с 31.08, прежний запрет снят). Частота ПРОПУСКАЕТСЯ, строка в документ НЕ пишется — выдуманного напряжения здесь не будет
  ⏳ ЖДУ АПВ: аварийная защита спасает машину; следующая ступень не начнётся, пока защита не вернётся на пост
  ✅ АПВ УСПЕШНО: защита снова на посту (срабатываний за прогон: 2) — тюнинг продолжается
  3015 МГц ← 1115 мВ · ШАГ 25 мВ · шаг зоны 25 мВ (глубина ОТ СТОКА −25 мВ)
  КРАСНЫЙ БЛОК АТОМА: кривая подтверждает: испытуемая точка встала ТУДА, КУДА ЕЁ ПОСЛАЛ ВЕКТОР — 2977 → 3007 МГц при 1115 мВ (её сдвиг по вектору 38 МГц, ждали 3015)
  ПОПАЛИ ВЫШЕ: заказано 1115 мВ, карта подставила 1120 мВ — ОДНА ступень сетки вверх (5 мВ при самом широком зазоре 10). Таблица едет с нагревом ПРЯМО ВО ВРЕМЯ прожига. Меряем и пишем ВЫДАННОЕ — 1120 мВ на 3015 МГц
  СРАБОТАЛА АВАРИЙНАЯ ЗАЩИТА (САЗ) на 3015 МГц / 1120 мВ (срабатываний за ступень: 1). МАШИНА ЖИВА — АВН снял нагрузку, ВЗН вернул карту на заводское напряжение. Для ЧАСТОТЫ это КРАЙ: лаг телеметрии есть отказ независимо от того, шёл ли в тот момент прожиг. Вердикт оракула этой ступени НЕ ОТНОСИТСЯ К ДЕЛУ — прожиг после спасения идёт по ЗАВОДСКОЙ кривой и ничего не доказывает
  СРАБОТАЛА АВАРИЙНАЯ ЗАЩИТА (САЗ) на 3015 МГц / 1120 мВ (срабатываний за ступень: 1). МАШИНА ЖИВА — АВН снял нагрузку, ВЗН вернул карту на заводское напряжение. Для ЧАСТОТЫ это КРАЙ: лаг телеметрии есть отказ независимо от того, шёл ли в тот момент прожиг. Вердикт оракула этой ступени НЕ ОТНОСИТСЯ К ДЕЛУ — прожиг после спасения идёт по ЗАВОДСКОЙ кривой и ничего не доказывает
  СРАБОТАЛА ЗАЩИТА НА ПЕРВОМ ЖЕ ШАГЕ ОТ СТОКА на 3015 МГц: прошедших прожиг ступеней выше нет, и по слову владельца это значит, что СТОК УЖЕ БЛИЗКО К КРАЮ — частоту надо переискать шагом 5 мВ. Сейчас это НЕ делается по одной причине: ветка поиска минимальным шагом ещё НЕ ПОСТРОЕНА (защита срабатывание переживает — АПВ работает с 31.08, прежний запрет снят). Частота ПРОПУСКАЕТСЯ, строка в документ НЕ пишется — выдуманного напряжения здесь не будет
  ⚡ СПАСЕНИЕ на 3015 МГц: аварийная защита сняла нагрузку и вернула заводское напряжение, АПВ прошло — частота закрыта краем, ПОЛОСА ПРОДОЛЖАЕТСЯ. Частот, закрытых спасением за этот прогон: 2. Остановки по числу спасений НЕТ: владелец разрешил их сколько угодно (interviews/024 = E)
  3015 МГц ПРОПУЩЕНА (строка в документ не пишется), полоса продолжается: СРАБОТАЛА ЗАЩИТА НА ПЕРВОМ ЖЕ ШАГЕ ОТ СТОКА на 3015 МГц: прошедших прожиг ступеней выше нет, и по слову владельца это значит, что СТОК УЖЕ БЛИЗКО К КРАЮ — частоту надо переискать шагом 5 мВ. Сейчас это НЕ делается по одной причине: ветка поиска минимальным шагом ещё НЕ ПОСТРОЕНА (защита срабатывание переживает — АПВ работает с 31.08, прежний запрет снят). Частота ПРОПУСКАЕТСЯ, строка в документ НЕ пишется — выдуманного напряжения здесь не будет
  ⏳ ЖДУ АПВ: аварийная защита спасает машину; следующая ступень не начнётся, пока защита не вернётся на пост
  ✅ АПВ УСПЕШНО: защита снова на посту (срабатываний за прогон: 3) — тюнинг продолжается
  3007 МГц ← 1110 мВ · ШАГ 25 мВ · шаг зоны 25 мВ (глубина ОТ СТОКА −25 мВ)
  СРАБОТАЛА АВАРИЙНАЯ ЗАЩИТА (САЗ) на 3007 МГц / 1110 мВ (срабатываний за ступень: 1). МАШИНА ЖИВА — АВН снял нагрузку, ВЗН вернул карту на заводское напряжение. Для ЧАСТОТЫ это КРАЙ: лаг телеметрии есть отказ независимо от того, шёл ли в тот момент прожиг. Вердикт оракула этой ступени НЕ ОТНОСИТСЯ К ДЕЛУ — прожиг после спасения идёт по ЗАВОДСКОЙ кривой и ничего не доказывает
  СРАБОТАЛА АВАРИЙНАЯ ЗАЩИТА (САЗ) на 3007 МГц / 1110 мВ (срабатываний за ступень: 1). МАШИНА ЖИВА — АВН снял нагрузку, ВЗН вернул карту на заводское напряжение. Для ЧАСТОТЫ это КРАЙ: лаг телеметрии есть отказ независимо от того, шёл ли в тот момент прожиг. Вердикт оракула этой ступени НЕ ОТНОСИТСЯ К ДЕЛУ — прожиг после спасения идёт по ЗАВОДСКОЙ кривой и ничего не доказывает
  СРАБОТАЛА ЗАЩИТА НА ПЕРВОМ ЖЕ ШАГЕ ОТ СТОКА на 3007 МГц: прошедших прожиг ступеней выше нет, и по слову владельца это значит, что СТОК УЖЕ БЛИЗКО К КРАЮ — частоту надо переискать шагом 5 мВ. Сейчас это НЕ делается по одной причине: ветка поиска минимальным шагом ещё НЕ ПОСТРОЕНА (защита срабатывание переживает — АПВ работает с 31.08, прежний запрет снят). Частота ПРОПУСКАЕТСЯ, строка в документ НЕ пишется — выдуманного напряжения здесь не будет
  ⚡ СПАСЕНИЕ на 3007 МГц: аварийная защита сняла нагрузку и вернула заводское напряжение, АПВ прошло — частота закрыта краем, ПОЛОСА ПРОДОЛЖАЕТСЯ. Частот, закрытых спасением за этот прогон: 3. Остановки по числу спасений НЕТ: владелец разрешил их сколько угодно (interviews/024 = E)
  3007 МГц ПРОПУЩЕНА (строка в документ не пишется), полоса продолжается: СРАБОТАЛА ЗАЩИТА НА ПЕРВОМ ЖЕ ШАГЕ ОТ СТОКА на 3007 МГц: прошедших прожиг ступеней выше нет, и по слову владельца это значит, что СТОК УЖЕ БЛИЗКО К КРАЮ — частоту надо переискать шагом 5 мВ. Сейчас это НЕ делается по одной причине: ветка поиска минимальным шагом ещё НЕ ПОСТРОЕНА (защита срабатывание переживает — АПВ работает с 31.08, прежний запрет снят). Частота ПРОПУСКАЕТСЯ, строка в документ НЕ пишется — выдуманного напряжения здесь не будет
  ⏸ ЧЕРЕДА СПАСЕНИЙ: 3 подряд, и полоса не продвинулась ни на одну частоту — пауза 1000 мс (раунд 1 из 2: даём карте ещё один шанс)
  пауза 1000 мс после 3 спасени(я/й) подряд, раунд 1 из 2
  ⏳ ЖДУ АПВ: аварийная защита спасает машину; следующая ступень не начнётся, пока защита не вернётся на пост
  ✅ АПВ УСПЕШНО: защита снова на посту (срабатываний за прогон: 4) — тюнинг продолжается
  3000 МГц ← 1100 мВ · ШАГ 25 мВ · шаг зоны 25 мВ (глубина ОТ СТОКА −25 мВ)
  СРАБОТАЛА АВАРИЙНАЯ ЗАЩИТА (САЗ) на 3000 МГц / 1100 мВ (срабатываний за ступень: 1). МАШИНА ЖИВА — АВН снял нагрузку, ВЗН вернул карту на заводское напряжение. Для ЧАСТОТЫ это КРАЙ: лаг телеметрии есть отказ независимо от того, шёл ли в тот момент прожиг. Вердикт оракула этой ступени НЕ ОТНОСИТСЯ К ДЕЛУ — прожиг после спасения идёт по ЗАВОДСКОЙ кривой и ничего не доказывает
  СРАБОТАЛА АВАРИЙНАЯ ЗАЩИТА (САЗ) на 3000 МГц / 1100 мВ (срабатываний за ступень: 1). МАШИНА ЖИВА — АВН снял нагрузку, ВЗН вернул карту на заводское напряжение. Для ЧАСТОТЫ это КРАЙ: лаг телеметрии есть отказ независимо от того, шёл ли в тот момент прожиг. Вердикт оракула этой ступени НЕ ОТНОСИТСЯ К ДЕЛУ — прожиг после спасения идёт по ЗАВОДСКОЙ кривой и ничего не доказывает
  СРАБОТАЛА ЗАЩИТА НА ПЕРВОМ ЖЕ ШАГЕ ОТ СТОКА на 3000 МГц: прошедших прожиг ступеней выше нет, и по слову владельца это значит, что СТОК УЖЕ БЛИЗКО К КРАЮ — частоту надо переискать шагом 5 мВ. Сейчас это НЕ делается по одной причине: ветка поиска минимальным шагом ещё НЕ ПОСТРОЕНА (защита срабатывание переживает — АПВ работает с 31.08, прежний запрет снят). Частота ПРОПУСКАЕТСЯ, строка в документ НЕ пишется — выдуманного напряжения здесь не будет
  ⚡ СПАСЕНИЕ на 3000 МГц: аварийная защита сняла нагрузку и вернула заводское напряжение, АПВ прошло — частота закрыта краем, ПОЛОСА ПРОДОЛЖАЕТСЯ. Частот, закрытых спасением за этот прогон: 4. Остановки по числу спасений НЕТ: владелец разрешил их сколько угодно (interviews/024 = E)
  3000 МГц ПРОПУЩЕНА (строка в документ не пишется), полоса продолжается: СРАБОТАЛА ЗАЩИТА НА ПЕРВОМ ЖЕ ШАГЕ ОТ СТОКА на 3000 МГц: прошедших прожиг ступеней выше нет, и по слову владельца это значит, что СТОК УЖЕ БЛИЗКО К КРАЮ — частоту надо переискать шагом 5 мВ. Сейчас это НЕ делается по одной причине: ветка поиска минимальным шагом ещё НЕ ПОСТРОЕНА (защита срабатывание переживает — АПВ работает с 31.08, прежний запрет снят). Частота ПРОПУСКАЕТСЯ, строка в документ НЕ пишется — выдуманного напряжения здесь не будет
  ⏳ ЖДУ АПВ: аварийная защита спасает машину; следующая ступень не начнётся, пока защита не вернётся на пост
  ✅ АПВ УСПЕШНО: защита снова на посту (срабатываний за прогон: 5) — тюнинг продолжается
  2985 МГц ← 1045 мВ · ЗАТРАВКА: прыжок 75 мВ на ДОКАЗАННУЮ землю (собственная улика этой частоты), а НЕ шаг в темноту (глубина ОТ СТОКА −75 мВ)
  КРАСНЫЙ БЛОК АТОМА: кривая подтверждает: испытуемая точка встала ТУДА, КУДА ЕЁ ПОСЛАЛ ВЕКТОР — 2842 → 2977 МГц при 1045 мВ (её сдвиг по вектору 143 МГц, ждали 2985)
  ПОПАЛИ ВЫШЕ: заказано 1045 мВ, карта подставила 1065 мВ — НЕ ближайшая ступень: 20 мВ при самом широком зазоре сетки 10 мВ, то есть ДРУГАЯ запись таблицы. Таблица едет с нагревом ПРЯМО ВО ВРЕМЯ прожига. Меряем и пишем ВЫДАННОЕ — 1065 мВ на 2985 МГц
  СРАБОТАЛА АВАРИЙНАЯ ЗАЩИТА (САЗ) на 2985 МГц / 1065 мВ (срабатываний за ступень: 1). МАШИНА ЖИВА — АВН снял нагрузку, ВЗН вернул карту на заводское напряжение. Для ЧАСТОТЫ это КРАЙ: лаг телеметрии есть отказ независимо от того, шёл ли в тот момент прожиг. Вердикт оракула этой ступени НЕ ОТНОСИТСЯ К ДЕЛУ — прожиг после спасения идёт по ЗАВОДСКОЙ кривой и ничего не доказывает
  СРАБОТАЛА АВАРИЙНАЯ ЗАЩИТА (САЗ) на 2985 МГц / 1065 мВ (срабатываний за ступень: 1). МАШИНА ЖИВА — АВН снял нагрузку, ВЗН вернул карту на заводское напряжение. Для ЧАСТОТЫ это КРАЙ: лаг телеметрии есть отказ независимо от того, шёл ли в тот момент прожиг. Вердикт оракула этой ступени НЕ ОТНОСИТСЯ К ДЕЛУ — прожиг после спасения идёт по ЗАВОДСКОЙ кривой и ничего не доказывает
  ЗАТРАВКА ОТВЕРГНУТА на 2985 МГц: 1045 мВ из СОБСТВЕННОЙ улики этой частоты (журнал упреждающей записи) дало ступень НЕ СУДИЛИ (исход «hung»): вердикта о напряжении не появилось, поэтому о монотонности этого кремния тут сказать НЕЧЕГО. Это находка о ПУТИ ЗАПИСИ, а не о карте. Спуск начинается заново от стока 1120 мВ по лестнице шагов владельца.
  ⏳ ЖДУ АПВ: аварийная защита спасает машину; следующая ступень не начнётся, пока защита не вернётся на пост
  ✅ АПВ УСПЕШНО: защита снова на посту (срабатываний за прогон: 6) — тюнинг продолжается
  2985 МГц ← 1095 мВ · ШАГ 25 мВ · шаг зоны 25 мВ (глубина ОТ СТОКА −25 мВ)
  СРАБОТАЛА АВАРИЙНАЯ ЗАЩИТА (САЗ) на 2985 МГц / 1095 мВ (срабатываний за ступень: 1). МАШИНА ЖИВА — АВН снял нагрузку, ВЗН вернул карту на заводское напряжение. Для ЧАСТОТЫ это КРАЙ: лаг телеметрии есть отказ независимо от того, шёл ли в тот момент прожиг. Вердикт оракула этой ступени НЕ ОТНОСИТСЯ К ДЕЛУ — прожиг после спасения идёт по ЗАВОДСКОЙ кривой и ничего не доказывает
  СРАБОТАЛА АВАРИЙНАЯ ЗАЩИТА (САЗ) на 2985 МГц / 1095 мВ (срабатываний за ступень: 1). МАШИНА ЖИВА — АВН снял нагрузку, ВЗН вернул карту на заводское напряжение. Для ЧАСТОТЫ это КРАЙ: лаг телеметрии есть отказ независимо от того, шёл ли в тот момент прожиг. Вердикт оракула этой ступени НЕ ОТНОСИТСЯ К ДЕЛУ — прожиг после спасения идёт по ЗАВОДСКОЙ кривой и ничего не доказывает
  СРАБОТАЛА ЗАЩИТА НА ПЕРВОМ ЖЕ ШАГЕ ОТ СТОКА на 2985 МГц: прошедших прожиг ступеней выше нет, и по слову владельца это значит, что СТОК УЖЕ БЛИЗКО К КРАЮ — частоту надо переискать шагом 5 мВ. Сейчас это НЕ делается по одной причине: ветка поиска минимальным шагом ещё НЕ ПОСТРОЕНА (защита срабатывание переживает — АПВ работает с 31.08, прежний запрет снят). Частота ПРОПУСКАЕТСЯ, строка в документ НЕ пишется — выдуманного напряжения здесь не будет
  ⚡ СПАСЕНИЕ на 2985 МГц: аварийная защита сняла нагрузку и вернула заводское напряжение, АПВ прошло — частота закрыта краем, ПОЛОСА ПРОДОЛЖАЕТСЯ. Частот, закрытых спасением за этот прогон: 5. Остановки по числу спасений НЕТ: владелец разрешил их сколько угодно (interviews/024 = E)
  2985 МГц ПРОПУЩЕНА (строка в документ не пишется), полоса продолжается: СРАБОТАЛА ЗАЩИТА НА ПЕРВОМ ЖЕ ШАГЕ ОТ СТОКА на 2985 МГц: прошедших прожиг ступеней выше нет, и по слову владельца это значит, что СТОК УЖЕ БЛИЗКО К КРАЮ — частоту надо переискать шагом 5 мВ. Сейчас это НЕ делается по одной причине: ветка поиска минимальным шагом ещё НЕ ПОСТРОЕНА (защита срабатывание переживает — АПВ работает с 31.08, прежний запрет снят). Частота ПРОПУСКАЕТСЯ, строка в документ НЕ пишется — выдуманного напряжения здесь не будет
  ⏳ ЖДУ АПВ: аварийная защита спасает машину; следующая ступень не начнётся, пока защита не вернётся на пост
  ✅ АПВ УСПЕШНО: защита снова на посту (срабатываний за прогон: 7) — тюнинг продолжается
  2977 МГц ← 1045 мВ · ЗАТРАВКА: прыжок 70 мВ на ДОКАЗАННУЮ землю (доказана соседкой 2985 МГц), а НЕ шаг в темноту (глубина ОТ СТОКА −70 мВ)
  СРАБОТАЛА АВАРИЙНАЯ ЗАЩИТА (САЗ) на 2977 МГц / 1045 мВ (срабатываний за ступень: 1). МАШИНА ЖИВА — АВН снял нагрузку, ВЗН вернул карту на заводское напряжение. Для ЧАСТОТЫ это КРАЙ: лаг телеметрии есть отказ независимо от того, шёл ли в тот момент прожиг. Вердикт оракула этой ступени НЕ ОТНОСИТСЯ К ДЕЛУ — прожиг после спасения идёт по ЗАВОДСКОЙ кривой и ничего не доказывает
  СРАБОТАЛА АВАРИЙНАЯ ЗАЩИТА (САЗ) на 2977 МГц / 1045 мВ (срабатываний за ступень: 1). МАШИНА ЖИВА — АВН снял нагрузку, ВЗН вернул карту на заводское напряжение. Для ЧАСТОТЫ это КРАЙ: лаг телеметрии есть отказ независимо от того, шёл ли в тот момент прожиг. Вердикт оракула этой ступени НЕ ОТНОСИТСЯ К ДЕЛУ — прожиг после спасения идёт по ЗАВОДСКОЙ кривой и ничего не доказывает
  ЗАТРАВКА ОТВЕРГНУТА на 2977 МГц: 1045 мВ от соседки 2985 МГц дало ступень НЕ СУДИЛИ (исход «hung»): вердикта о напряжении не появилось, поэтому о монотонности этого кремния тут сказать НЕЧЕГО. Это находка о ПУТИ ЗАПИСИ, а не о карте. Спуск начинается заново от стока 1115 мВ по лестнице шагов владельца.
  ⏳ ЖДУ АПВ: аварийная защита спасает машину; следующая ступень не начнётся, пока защита не вернётся на пост
  ✅ АПВ УСПЕШНО: защита снова на посту (срабатываний за прогон: 8) — тюнинг продолжается
  2977 МГц ← 1090 мВ · ШАГ 25 мВ · шаг зоны 25 мВ (глубина ОТ СТОКА −25 мВ)
  СРАБОТАЛА АВАРИЙНАЯ ЗАЩИТА (САЗ) на 2977 МГц / 1090 мВ (срабатываний за ступень: 1). МАШИНА ЖИВА — АВН снял нагрузку, ВЗН вернул карту на заводское напряжение. Для ЧАСТОТЫ это КРАЙ: лаг телеметрии есть отказ независимо от того, шёл ли в тот момент прожиг. Вердикт оракула этой ступени НЕ ОТНОСИТСЯ К ДЕЛУ — прожиг после спасения идёт по ЗАВОДСКОЙ кривой и ничего не доказывает
  СРАБОТАЛА АВАРИЙНАЯ ЗАЩИТА (САЗ) на 2977 МГц / 1090 мВ (срабатываний за ступень: 1). МАШИНА ЖИВА — АВН снял нагрузку, ВЗН вернул карту на заводское напряжение. Для ЧАСТОТЫ это КРАЙ: лаг телеметрии есть отказ независимо от того, шёл ли в тот момент прожиг. Вердикт оракула этой ступени НЕ ОТНОСИТСЯ К ДЕЛУ — прожиг после спасения идёт по ЗАВОДСКОЙ кривой и ничего не доказывает
  СРАБОТАЛА ЗАЩИТА НА ПЕРВОМ ЖЕ ШАГЕ ОТ СТОКА на 2977 МГц: прошедших прожиг ступеней выше нет, и по слову владельца это значит, что СТОК УЖЕ БЛИЗКО К КРАЮ — частоту надо переискать шагом 5 мВ. Сейчас это НЕ делается по одной причине: ветка поиска минимальным шагом ещё НЕ ПОСТРОЕНА (защита срабатывание переживает — АПВ работает с 31.08, прежний запрет снят). Частота ПРОПУСКАЕТСЯ, строка в документ НЕ пишется — выдуманного напряжения здесь не будет
  ⚡ СПАСЕНИЕ на 2977 МГц: аварийная защита сняла нагрузку и вернула заводское напряжение, АПВ прошло — частота закрыта краем, ПОЛОСА ПРОДОЛЖАЕТСЯ. Частот, закрытых спасением за этот прогон: 6. Остановки по числу спасений НЕТ: владелец разрешил их сколько угодно (interviews/024 = E)
  2977 МГц ПРОПУЩЕНА (строка в документ не пишется), полоса продолжается: СРАБОТАЛА ЗАЩИТА НА ПЕРВОМ ЖЕ ШАГЕ ОТ СТОКА на 2977 МГц: прошедших прожиг ступеней выше нет, и по слову владельца это значит, что СТОК УЖЕ БЛИЗКО К КРАЮ — частоту надо переискать шагом 5 мВ. Сейчас это НЕ делается по одной причине: ветка поиска минимальным шагом ещё НЕ ПОСТРОЕНА (защита срабатывание переживает — АПВ работает с 31.08, прежний запрет снят). Частота ПРОПУСКАЕТСЯ, строка в документ НЕ пишется — выдуманного напряжения здесь не будет
  ⏸ ЧЕРЕДА СПАСЕНИЙ: 6 подряд, и полоса не продвинулась ни на одну частоту — пауза 1000 мс и прогон закрывается
  пауза 1000 мс после 6 спасени(я/й) подряд — последняя перед закрытием прогона
  ПОЛОСА ОСТАНОВЛЕНА: карта не оживает — 6 спасени(я/й) подряд (2 раунда по 3), и полоса не закрыла между ними ни одной частоты. Машина возвращена на сток аварийной защитой; всё закрытое до этого уже в документе кривой.
  🛑 ПОЛОСА ОСТАНОВЛЕНА: карта не оживает — 6 спасени(я/й) подряд (2 раунда по 3), и полоса не закрыла между ними ни одной частоты. Машина возвращена на сток аварийной защитой; всё закрытое до этого уже в документе кривой.
РАЗВЁРТКА «3067…2377 МГц»: ступеней 44, частот в полосе 93
ПОКРЫТИЕ: закрыто 0 из 93 (0 %)
УРОЖАЙ: прожиг выдержали 0 ступен(ей) на 0 выданных частотах — против 0 строк(и), закрытых в документе. Это РАЗНЫЕ числа: закрыто ≠ доказано
   прожигов без новой глубины: 0 — но и повторно жжённых выданных частот 0, то есть тратить было НЕГДЕ: это не свойство движка, а свойство полосы
   половинок 0 — каждая выдержавшая ступень оставила на диске ОБЕ половины пары
   в документ из урожая легло строк: 0 (всё, что доказано, уже стоит глубже — перезаписывать нечем). Статус «прожиг выдержан», БЕЗ причины остановки: спуска там не было
   частот со СВОЕЙ уликой: было 20, стало 20 — затравка не улучшилась
ВЕРДИКТЫ: край найден 0 · остановлено НАШИМ потолком глубины 0 · упёрлось в предел сдвига ±1000 МГц 0
ЗАТРАВКА: отвергнута 3 раз(а) — это ЗАМЕР монотонности на этом кремнии, а не сбой прогона
ПРОПУЩЕНО ЧАСТОТ: 7 — строки в документ не записаны, полоса при этом пройдена до конца.
   hang-floor: 1 частот(ы) — 3052
   halt: 6 частот(ы) — 3030, 3015, 3007, 3000, 2985, 2977
   Это ЖУРНАЛ ДЛЯ ПОЧИНКИ: каждая строка несёт класс отказа записи, что кривая предлагала
   после записи против потолка, лёгший сдвиг и красные блоки атома — по ним дефект чинится.
ЗАКАЗ ↔ ВЫДАЧА: не разошлись ни разу — карта отдала каждую заказанную частоту
СРАБАТЫВАНИЙ АВАРИЙНОЙ ЗАЩИТЫ: 9 за прогон; закрыто спасением частот: 6 — 3030 МГц, 3015 МГц, 3007 МГц, 3000 МГц, 2985 МГц, 2977 МГц. Полоса от этого НЕ останавливается: спасение есть успех защиты и найденный край частоты, а не повод прекращать работу (решение владельца, interviews/024 = E)
🗣 ГОЛОС ДРАЙВЕРА (журнал Windows, окно всего прогона): 0 событий nvlddmkm — канал прочитан и молчит
ЗАВИСАНИЙ ПРИПИСАНО: 1 — 3030 МГц / 900 мВ
ПОЛ ЗАВИСАНИЯ (спуск туда не возвращается): 2842 МГц ниже 845 мВ, 2887 МГц ниже 865 мВ, 2880 МГц ниже 865 мВ, 2820 МГц ниже 850 мВ, 2805 МГц ниже 845 мВ, 2797 МГц ниже 840 мВ, 2790 МГц ниже 840 мВ, 2775 МГц ниже 835 мВ, 2145 МГц ниже 770 мВ, 2857 МГц ниже 885 мВ, 2752 МГц ниже 825 мВ, 2115 МГц ниже 790 мВ, 2872 МГц ниже 865 мВ, 2835 МГц ниже 890 мВ, 2370 МГц ниже 810 мВ, 2197 МГц ниже 785 мВ, 3067 МГц ниже 925 мВ, 3060 МГц ниже 1015 мВ, 3052 МГц ниже 1135 мВ, 3037 МГц ниже 920 мВ, 3030 МГц ниже 900 мВ
ВРЕМЯ: 168.4 с (0.05 ч) против оценки 1.7 ч на весь диапазон
ОСТАНОВЛЕНО (rescue-chain): ПОЛОСА ОСТАНОВЛЕНА: карта не оживает — 6 спасени(я/й) подряд (2 раунда по 3), и полоса не закрыла между ними ни одной частоты. Машина возвращена на сток аварийной защитой; всё закрытое до этого уже в документе кривой.
КОД ВОЗВРАТА: 1
