
=== ПРОГОН 2026-09-08T09:46:56+03:00 · аргументы: --sweep --from 3067 --to 2377 --dashboard --log reburn-42
ЖУРНАЛ ПРОГОНА: D:\work\ai_sandbox\KAGO\runs\logs\reburn-42\2026-09-08T09-46-56+03-00.log — конвейер не нужен, код возврата дойдёт до вызывающего
ЗАВОДСКОЕ СОСТОЯНИЕ КАРТЫ: подтверждено — ненулевых сдвигов 0 — кривая заводская · предел 300 Вт — заводской
КОНВЕРТ КАРТЫ: 3090 МГц — выше него ни одна поднятая точка кривой ничего не предлагает
               (R13, bugs/11). Частоту в прогоне держат ДВОЕ: ВЫПРЯМЛЕННАЯ КРИВАЯ снизу — всё, что
               торчало бы выше испытуемой частоты, придавлено на неё, — и ГРАНИЦА ЧАСТОТЫ сверху.
               ⚠️ ОДНОЙ КРИВОЙ НЕ ХВАТАЕТ: подъём делает её верх ПЛОСКИМ, и арбитраж буста сходит
               с плато на 2–3 ступени сетки — замерено 9 из 9 при безупречной записи (bugs/50,
               researches/11 §8). Граница — это -lgc ДИАПАЗОНОМ «пол лестницы … потолок»: карта
               свободна вниз. Прежний вывод «замка не ставить» был про ДРУГОЕ направление —
               поднять карту К потолку он не умеет, и это по-прежнему верно (researches/11 §1, §5).
               ЗАПИСЬ ИДЁТ ПРОТИВ ВЫДАННОЙ частоты, а не заказанной (GOAL.md, слово владельца).
ОКНО НАБЛЮДЕНИЯ: открыто, смотрящих 1 — условие прогона выполнено
ЗАПРЕТ ВЛАДЕЛЬЦА (bugs/77, bugs/79): снят — оба тикета закрыты
БЕЗОПАСНЫЙ РЕЖИМ ДИСКОВ: не взведён (это разрешённое состояние; взвести — safe-mode --on)
ПУЛЬС ПРОШЛОГО ПРОГОНА: убран в runs\telemetry\20260908-001738.jsonl — не затёрт
ТЕЛЕМЕТРИЯ: отдельный сэмплер pid 3248 пишет в runs\dashboard\telemetry.jsonl раз в секунду
🗣 ГОЛОС ДРАЙВЕРА: ярус 1 (граница ступени) РАБОТАЕТ; ярус 2 (реальное время) выключен — поднимается флагом --driver-voice-watch
⚡ АВАРИЙНАЯ ЗАЩИТА (САЗ): pid 19496, уставка 60 мс тишины · АВН: образы прожига · ВЗН: заводское напряжение; протокол в runs/death-watch/*-fuse.jsonl · ВТОРОЙ ВХОД (прогресс прожига) ВЗВЕДЁН: вход 2 взведён для «furnace»: M = 1177 мс (3 × 330.68 мс измеренного такта × 1.19: такт снят при 2820 МГц, полоса спускается до 2377 МГц); файл сердцебиения D:\work\ai_sandbox\KAGO\runs\death-watch\2026-09-08T06-46-59-641Z-burn-progress.txt
ДАШБОРД: прибор пишется в runs\dashboard\live.json
  ПОЛ ЗАВИСАНИЯ: 2842 МГц уже вешала машину на 845 мВ — спуск туда больше не идёт, и это напряжение становится КРАЕМ частоты, а не пропущенной ступенью
  ПОЛ ЗАВИСАНИЯ: 2887 МГц уже вешала машину на 865 мВ — спуск туда больше не идёт, и это напряжение становится КРАЕМ частоты, а не пропущенной ступенью
  ПОЛ ЗАВИСАНИЯ: 2880 МГц уже вешала машину на 865 мВ — спуск туда больше не идёт, и это напряжение становится КРАЕМ частоты, а не пропущенной ступенью
  ПОЛ ЗАВИСАНИЯ: 2820 МГц уже вешала машину на 850 мВ — спуск туда больше не идёт, и это напряжение становится КРАЕМ частоты, а не пропущенной ступенью
  ПОЛ ЗАВИСАНИЯ: 2805 МГц уже вешала машину на 845 мВ — спуск туда больше не идёт, и это напряжение становится КРАЕМ частоты, а не пропущенной ступенью
  ПОЛ ЗАВИСАНИЯ: 2797 МГц уже вешала машину на 840 мВ — спуск туда больше не идёт, и это напряжение становится КРАЕМ частоты, а не пропущенной ступенью
  ПОЛ ЗАВИСАНИЯ: 2790 МГц уже вешала машину на 840 мВ — спуск туда больше не идёт, и это напряжение становится КРАЕМ частоты, а не пропущенной ступенью
  ПОЛ ЗАВИСАНИЯ: 2775 МГц уже вешала машину на 835 мВ — спуск туда больше не идёт, и это напряжение становится КРАЕМ частоты, а не пропущенной ступенью
  ПОЛ ЗАВИСАНИЯ: 2145 МГц уже вешала машину на 770 мВ — спуск туда больше не идёт, и это напряжение становится КРАЕМ частоты, а не пропущенной ступенью
  ПОЛ ЗАВИСАНИЯ: 2857 МГц уже вешала машину на 885 мВ — спуск туда больше не идёт, и это напряжение становится КРАЕМ частоты, а не пропущенной ступенью
  ПОЛ ЗАВИСАНИЯ: 2752 МГц уже вешала машину на 825 мВ — спуск туда больше не идёт, и это напряжение становится КРАЕМ частоты, а не пропущенной ступенью
  ПОЛ ЗАВИСАНИЯ: 2115 МГц уже вешала машину на 790 мВ — спуск туда больше не идёт, и это напряжение становится КРАЕМ частоты, а не пропущенной ступенью
  ПОЛ ЗАВИСАНИЯ: 2872 МГц уже вешала машину на 865 мВ — спуск туда больше не идёт, и это напряжение становится КРАЕМ частоты, а не пропущенной ступенью
  ПОЛ ЗАВИСАНИЯ: 2835 МГц уже вешала машину на 890 мВ — спуск туда больше не идёт, и это напряжение становится КРАЕМ частоты, а не пропущенной ступенью
  ПОЛ ЗАВИСАНИЯ: 2370 МГц уже вешала машину на 810 мВ — спуск туда больше не идёт, и это напряжение становится КРАЕМ частоты, а не пропущенной ступенью
  ПОЛ ЗАВИСАНИЯ: 2197 МГц уже вешала машину на 785 мВ — спуск туда больше не идёт, и это напряжение становится КРАЕМ частоты, а не пропущенной ступенью
  полоса 3067…2377 МГц: частот 93, прожигов 44
  3067 МГц ← 1025 мВ · ЗАТРАВКА: прыжок 145 мВ на ДОКАЗАННУЮ землю (собственная улика этой частоты), а НЕ шаг в темноту (глубина ОТ СТОКА −145 мВ)
ДАТЧИК ЖИВОСТИ: pid 7492 → порт 65002, сигнал живости каждые 2 мс
  1025 мВ обслуживает 3067 МГц и ПРОШЛО (сдвиг +270 МГц, потолок держит кривая + замок, решала форма furnace/sustained@0)
  3067 МГц: затравка легла на 2977 МГц — цель спуска переезжает туда. Глубина и зоны отмеряются от ЕЁ стока 1115 мВ
  затравка 1025 мВ из СОБСТВЕННОЙ улики этой частоты (журнал упреждающей записи) прошла — монотонность здесь держится, спуск продолжается от неё (доказанная глубина −145 мВ)
  3067 МГц ← 1015 мВ · ШАГ 10 мВ · шаг зоны 10 мВ (глубина ОТ СТОКА −155 мВ)
  1015 мВ обслуживает 3067 МГц и ПРОШЛО (сдвиг +300 МГц, потолок держит кривая + замок, решала форма furnace/sustained@0)
  3067 МГц: карта работает на 2992 МГц — цель спуска переезжает туда. Глубина и зоны отмеряются от ЕЁ стока 1125 мВ
  3067 МГц ← 1010 мВ · ШАГ 5 мВ · шаг зоны 5 мВ (глубина ОТ СТОКА −160 мВ)
  КРАСНЫЙ БЛОК АТОМА: ПОТОЛОК СТОИТ: кривая больше не предлагает ничего выше 3067 МГц — КЛАСС ОТКАЗА C3 — драйвер правит результат: кривая после записи предлагает на 15 МГц ВЫШЕ потолка, чего вектор дать не может по арифметике; в управляющей структуре при этом 0 расхождений (инертных 0) — поточечная сверка ЗЕЛЁНАЯ · максимум кривой 3082 МГц при потолке 3067 (план обещал 3067)
  1010 мВ обслуживает 3067 МГц и ПРОШЛО (сдвиг +315 МГц, потолок держит кривая + замок, решала форма furnace/sustained@0)
  3067 МГц: карта работает на 3015 МГц — цель спуска переезжает туда. Глубина и зоны отмеряются от ЕЁ стока 1140 мВ
  3067 МГц ← 1000 мВ · ШАГ 10 мВ · шаг зоны 5 мВ СЕТКА КАРТЫ НЕ ДАЁТ: между 1010 и 1000 мВ у неё нет точки (глубина ОТ СТОКА −170 мВ)
  таблица уехала: 1000 мВ обслуживало 2730 МГц, теперь 2737 МГц — ступень считается по СВЕЖЕЙ таблице
  1000 мВ обслуживает 3067 МГц и ПРОШЛО (сдвиг +330 МГц, потолок держит кривая + замок, решала форма furnace/sustained@0)
  3067 МГц: карта работает на 3007 МГц — цель спуска переезжает туда. Глубина и зоны отмеряются от ЕЁ стока 1135 мВ
  3067 МГц ← 995 мВ · ШАГ 5 мВ · шаг зоны 5 мВ (глубина ОТ СТОКА −175 мВ)
  таблица уехала: 995 мВ обслуживало 2692 МГц, теперь 2700 МГц — ступень считается по СВЕЖЕЙ таблице
  995 мВ обслуживает 3067 МГц и ПРОШЛО (сдвиг +367 МГц, потолок держит кривая + замок, решала форма furnace/sustained@0)
  3067 МГц: карта работает на 3015 МГц — цель спуска переезжает туда. Глубина и зоны отмеряются от ЕЁ стока 1140 мВ
  3067 МГц ← 990 мВ · ШАГ 5 мВ · шаг зоны 5 мВ (глубина ОТ СТОКА −180 мВ)
  таблица уехала: 990 мВ обслуживало 2677 МГц, теперь 2685 МГц — ступень считается по СВЕЖЕЙ таблице
  990 мВ обслуживает 3067 МГц и ПРОШЛО (сдвиг +382 МГц, потолок держит кривая + замок, решала форма furnace/sustained@0)
  3067 МГц ← 985 мВ · ШАГ 5 мВ · шаг зоны 5 мВ (глубина ОТ СТОКА −185 мВ)
  таблица уехала: 985 мВ обслуживало 2655 МГц, теперь 2662 МГц — ступень считается по СВЕЖЕЙ таблице
  985 мВ обслуживает 3067 МГц и ПРОШЛО (сдвиг +405 МГц, потолок держит кривая + замок, решала форма furnace/sustained@0)
  3067 МГц: карта работает на 3007 МГц — цель спуска переезжает туда. Глубина и зоны отмеряются от ЕЁ стока 1135 мВ
  3067 МГц: план звал на 975 мВ — это 10 мВ от 985 мВ при шаге зоны 5 мВ (bugs/77: шаг отмеряется от стока и крупнее зоны быть не может). Пересчитываю от доказанного по лестнице: 975 мВ (шаг 10 мВ при шаге зоны 5 мВ и стене 35 мВ, сетка вынудила глубже политики)
  3067 МГц ← 975 мВ · ШАГ 10 мВ · шаг зоны 5 мВ СЕТКА КАРТЫ НЕ ДАЁТ: между 985 и 975 мВ у неё нет точки (глубина ОТ СТОКА −195 мВ)
  таблица уехала: 975 мВ обслуживало 2640 МГц, теперь 2647 МГц — ступень считается по СВЕЖЕЙ таблице
  975 мВ обслуживает 3067 МГц и ПРОШЛО (сдвиг +420 МГц, потолок держит кривая + замок, решала форма furnace/sustained@0)
  3067 МГц ← 970 мВ · ШАГ 5 мВ · шаг зоны 5 мВ (глубина ОТ СТОКА −200 мВ)
  таблица уехала: 970 мВ обслуживало 2617 МГц, теперь 2625 МГц — ступень считается по СВЕЖЕЙ таблице
  970 мВ обслуживает 3067 МГц и ПРОШЛО (сдвиг +442 МГц, потолок держит кривая + замок, решала форма furnace/sustained@0)
  3067 МГц ← 965 мВ · ШАГ 5 мВ · шаг зоны 5 мВ (глубина ОТ СТОКА −205 мВ)
  таблица уехала: 965 мВ обслуживало 2602 МГц, теперь 2610 МГц — ступень считается по СВЕЖЕЙ таблице
  965 мВ обслуживает 3067 МГц и ПРОШЛО (сдвиг +457 МГц, потолок держит кривая + замок, решала форма furnace/sustained@0)
  3067 МГц: карта работает на 3015 МГц — цель спуска переезжает туда. Глубина и зоны отмеряются от ЕЁ стока 1140 мВ
  3067 МГц ← 960 мВ · ШАГ 5 мВ · шаг зоны 5 мВ (глубина ОТ СТОКА −210 мВ)
  таблица уехала: 960 мВ обслуживало 2580 МГц, теперь 2587 МГц — ступень считается по СВЕЖЕЙ таблице
  960 мВ обслуживает 3067 МГц и ПРОШЛО (сдвиг +480 МГц, потолок держит кривая + замок, решала форма furnace/sustained@0)
  3067 МГц: карта работает на 3000 МГц — цель спуска переезжает туда. Глубина и зоны отмеряются от ЕЁ стока 1125 мВ
  3067 МГц: план звал на 950 мВ — это 10 мВ от 960 мВ при шаге зоны 5 мВ (bugs/77: шаг отмеряется от стока и крупнее зоны быть не может). Пересчитываю от доказанного по лестнице: 950 мВ (шаг 10 мВ при шаге зоны 5 мВ и стене 35 мВ, сетка вынудила глубже политики)
  3067 МГц ← 950 мВ · ШАГ 10 мВ · шаг зоны 5 мВ СЕТКА КАРТЫ НЕ ДАЁТ: между 960 и 950 мВ у неё нет точки (глубина ОТ СТОКА −220 мВ)
  950 мВ обслуживает 3067 МГц и ПРОШЛО (сдвиг +502 МГц, потолок держит кривая + замок, решала форма furnace/sustained@0)
  3067 МГц: карта работает на 3015 МГц — цель спуска переезжает туда. Глубина и зоны отмеряются от ЕЁ стока 1140 мВ
  3067 МГц ← 945 мВ · ШАГ 5 мВ · шаг зоны 5 мВ (глубина ОТ СТОКА −225 мВ)
  945 мВ обслуживает 3067 МГц и ПРОШЛО (сдвиг +525 МГц, потолок держит кривая + замок, решала форма furnace/sustained@0)
  3067 МГц: карта работает на 3022 МГц — цель спуска переезжает туда. Глубина и зоны отмеряются от ЕЁ стока 1145 мВ
  3067 МГц ← 940 мВ · ШАГ 5 мВ · шаг зоны 5 мВ (глубина ОТ СТОКА −230 мВ)
  940 мВ обслуживает 3067 МГц и ПРОШЛО (сдвиг +547 МГц, потолок держит кривая + замок, решала форма furnace/sustained@0)
  3067 МГц: карта работает на 3030 МГц — цель спуска переезжает туда. Глубина и зоны отмеряются от ЕЁ стока 1145 мВ
  3067 МГц ← 935 мВ · ШАГ 5 мВ · шаг зоны 5 мВ (глубина ОТ СТОКА −235 мВ)
  935 мВ обслуживает 3067 МГц и ПРОШЛО (сдвиг +570 МГц, потолок держит кривая + замок, решала форма furnace/sustained@0)
  3067 МГц: план звал на 925 мВ — это 10 мВ от 935 мВ при шаге зоны 5 мВ (bugs/77: шаг отмеряется от стока и крупнее зоны быть не может). Пересчитываю от доказанного по лестнице: 925 мВ (шаг 10 мВ при шаге зоны 5 мВ и стене 35 мВ, сетка вынудила глубже политики)
  3067 МГц ← 925 мВ · ШАГ 10 мВ · шаг зоны 5 мВ СЕТКА КАРТЫ НЕ ДАЁТ: между 935 и 925 мВ у неё нет точки (глубина ОТ СТОКА −245 мВ)
